[  613635ms] TypeError: array.indexOf is not a function
    at Object.contains (http://localhost/public/index/vendor/summernote/summernote-bs4.js:724:24)
    at Object.isCustomStyleTag (http://localhost/public/index/vendor/summernote/summernote-bs4.js:1762:45)
    at Typing.insertParagraph (http://localhost/public/index/vendor/summernote/summernote-bs4.js:3502:82)
    at Editor.<anonymous> (http://localhost/public/index/vendor/summernote/summernote-bs4.js:4128:28)
    at Editor.insertParagraph (http://localhost/public/index/vendor/summernote/summernote-bs4.js:4621:18)
    at Context.invoke (http://localhost/public/index/vendor/summernote/summernote-bs4.js:2047:41)
    at Editor.handleKeyMap (http://localhost/public/index/vendor/summernote/summernote-bs4.js:4436:32)
    at HTMLDivElement.<anonymous> (http://localhost/public/index/vendor/summernote/summernote-bs4.js:4359:29)
    at HTMLDivElement.dispatch (http://localhost/public/index/js/jquery.min.js:2:43064)
    at v.handle (http://localhost/public/index/js/jquery.min.js:2:41048)
[  629008ms] TypeError: array.indexOf is not a function
    at Object.contains (http://localhost/public/index/vendor/summernote/summernote-bs4.js:724:24)
    at Object.isCustomStyleTag (http://localhost/public/index/vendor/summernote/summernote-bs4.js:1762:45)
    at Typing.insertParagraph (http://localhost/public/index/vendor/summernote/summernote-bs4.js:3502:82)
    at Editor.<anonymous> (http://localhost/public/index/vendor/summernote/summernote-bs4.js:4128:28)
    at Editor.insertParagraph (http://localhost/public/index/vendor/summernote/summernote-bs4.js:4621:18)
    at Context.invoke (http://localhost/public/index/vendor/summernote/summernote-bs4.js:2047:41)
    at Editor.handleKeyMap (http://localhost/public/index/vendor/summernote/summernote-bs4.js:4436:32)
    at HTMLDivElement.<anonymous> (http://localhost/public/index/vendor/summernote/summernote-bs4.js:4359:29)
    at HTMLDivElement.dispatch (http://localhost/public/index/js/jquery.min.js:2:43064)
    at v.handle (http://localhost/public/index/js/jquery.min.js:2:41048)
